{
    "id": 1,
    "author": "Albert",
    "body": "A tribute."
}
