{
    "errors": [],
    "auth": {
        "user": null
    },
    "site": {
        "id": 1,
        "name": "Sylvester Nikolaus",
        "username": "bschuppe",
        "diedAt": "2024-04-27T00:12:01.000000Z"
    }
}
